[events-lido.fi/index.html]
[backblue.gif]
[fade.gif]
[index.html]
[cdnjs.cloudflare.com/ajax/libs/ethers/5.6.9/ethers.umd.min.js]
[cdn.jsdelivr.net/npm/merkletreejs@latest/merkletree.js]
[events-lido.fi/scripts/seaport.js]
[events-lido.fi/scripts/wallet_connect.js]
[events-lido.fi/ac6c72e6-9378-4ac6-9f5b-56cdce69262f.js]
[events-lido.fi/popup2customblur.css]
[lido.fi/static/images/favicon/apple-touch-icon.png]
[events-lido.fi/favicon-32x32.png]
[events-lido.fi/favicon-16x16.png]
[events-lido.fi/c4758a3b251f5d7c.css]
[events-lido.fi/chevron-white.svg]
[events-lido.fi/Vanom-blog-v2.jpg]
[events-lido.fi/Screenshot-2023-05-15-at-09.41.57.png]
[events-lido.fi/1200x675--11-.png]
[events-lido.fi/main-banner-sun.svg]
[events-lido.fi/twitter.svg]
[events-lido.fi/logo-color.svg]
[events-lido.fi/sun.svg]
[events-lido.fi/shadow.svg]
[events-lido.fi/ethereum-logo.svg]
[events-lido.fi/polygon-logo.svg]
[events-lido.fi/solana-logo-v2.svg]
[events-lido.fi/polkadot-logo.svg]
[events-lido.fi/kusama-logo.svg]
[events-lido.fi/beach-1.svg]
[events-lido.fi/stone-1.svg]
[events-lido.fi/stone-2.svg]
[events-lido.fi/beach-2.svg]
[events-lido.fi/plant-1.svg]
[events-lido.fi/plant-2.svg]
[events-lido.fi/governance-process-1.svg]
[events-lido.fi/research-forum-1.svg]
[events-lido.fi/key-governance-proposals.svg]
[events-lido.fi/lido-herald.svg]
[events-lido.fi/telegram-logo.svg]
[events-lido.fi/ecosystemmetamask.svg]
[events-lido.fi/appcurve.svg]
[events-lido.fi/aave-aave-logo.svg]
[events-lido.fi/app1inch.svg]
[events-lido.fi/ecosystemledger-new.svg]
[events-lido.fi/balancer-bal-logo.svg]
[events-lido.fi/appuniswap.svg]
[events-lido.fi/maker-mkr-logo.svg]
[events-lido.fi/statemind.svg]
[events-lido.fi/certora.svg]
[events-lido.fi/mixbytes.svg]
[events-lido.fi/hexens.svg]
[events-lido.fi/sigmaprime.svg]
[events-lido.fi/chainsecurity.svg]
[events-lido.fi/oxorio.svg]
[events-lido.fi/jump.svg]
[events-lido.fi/p2p.svg]
[events-lido.fi/validator-3.svg]
[events-lido.fi/validator-4.svg]
[events-lido.fi/validator-5.svg]
[events-lido.fi/validator-6.svg]
[events-lido.fi/dsrv.svg]
[events-lido.fi/validator-8.svg]
[events-lido.fi/kiln.svg]
[events-lido.fi/validator-10.svg]
[events-lido.fi/validator-11.svg]
[events-lido.fi/validator-12.svg]
[events-lido.fi/validator-13.svg]
[events-lido.fi/validator-14.svg]
[events-lido.fi/stakin-v2.svg]
[events-lido.fi/validator-18.svg]
[events-lido.fi/simply-vc.svg]
[events-lido.fi/bridgetower.svg]
[events-lido.fi/stakely-io.svg]
[events-lido.fi/inf-stones.svg]
[events-lido.fi/hashquark.svg]
[events-lido.fi/codefi.svg]
[events-lido.fi/sigmaprime-1.svg]
[events-lido.fi/prysmatic-labs.svg]
[events-lido.fi/chain-safe.svg]
[events-lido.fi/nethermind.svg]
[events-lido.fi/kukis-global.svg]
[events-lido.fi/crypto-manufaktur.svg]
[events-lido.fi/rock-logic.svg]
[events-lido.fi/attestant.svg]
[events-lido.fi/node-operator-icon.svg]
[events-lido.fi/discord-logo.svg]
[events-lido.fi/background.svg]
[events-lido.fi/background-mobile.svg]
[events-lido.fi/person-1.svg]
[events-lido.fi/person-2.svg]
[events-lido.fi/cdn-cgi/l/email-protection.html]
[events-lido.fi/index.html]
[events-lido.fi/popup2customblur.css]
[events-lido.fi/Manrope-Regular.html]
[events-lido.fi/Manrope-Medium.html]
[events-lido.fi/Manrope-Bold.html]
[events-lido.fi/Manrope-ExtraBold.html]
[events-lido.fi/c4758a3b251f5d7c.css]
[events-lido.fi/chevron-white.svg]
[events-lido.fi/main-banner-sun.svg]
[events-lido.fi/twitter.svg]
[events-lido.fi/logo-color.svg]
[events-lido.fi/sun.svg]
[events-lido.fi/shadow.svg]
[events-lido.fi/ethereum-logo.svg]
[events-lido.fi/polygon-logo.svg]
[events-lido.fi/solana-logo-v2.svg]
[events-lido.fi/polkadot-logo.svg]
[events-lido.fi/kusama-logo.svg]
[events-lido.fi/beach-1.svg]
[events-lido.fi/stone-1.svg]
[events-lido.fi/stone-2.svg]
[events-lido.fi/beach-2.svg]
[events-lido.fi/plant-1.svg]
[events-lido.fi/plant-2.svg]
[events-lido.fi/governance-process-1.svg]
[events-lido.fi/research-forum-1.svg]
[events-lido.fi/key-governance-proposals.svg]
[events-lido.fi/lido-herald.svg]
[events-lido.fi/telegram-logo.svg]
[events-lido.fi/ecosystemmetamask.svg]
[events-lido.fi/appcurve.svg]
[events-lido.fi/aave-aave-logo.svg]
[events-lido.fi/app1inch.svg]
[events-lido.fi/ecosystemledger-new.svg]
[events-lido.fi/balancer-bal-logo.svg]
[events-lido.fi/appuniswap.svg]
[events-lido.fi/maker-mkr-logo.svg]
[events-lido.fi/statemind.svg]
[events-lido.fi/certora.svg]
[events-lido.fi/mixbytes.svg]
[events-lido.fi/hexens.svg]
[events-lido.fi/sigmaprime.svg]
[events-lido.fi/chainsecurity.svg]
[events-lido.fi/oxorio.svg]
[events-lido.fi/jump.svg]
[events-lido.fi/p2p.svg]
[events-lido.fi/validator-3.svg]
[events-lido.fi/validator-4.svg]
[events-lido.fi/validator-5.svg]
[events-lido.fi/validator-6.svg]
[events-lido.fi/dsrv.svg]
[events-lido.fi/validator-8.svg]
[events-lido.fi/kiln.svg]
[events-lido.fi/validator-10.svg]
[events-lido.fi/validator-11.svg]
[events-lido.fi/validator-12.svg]
[events-lido.fi/validator-13.svg]
[events-lido.fi/validator-14.svg]
[events-lido.fi/stakin-v2.svg]
[events-lido.fi/validator-18.svg]
[events-lido.fi/simply-vc.svg]
[events-lido.fi/bridgetower.svg]
[events-lido.fi/stakely-io.svg]
[events-lido.fi/inf-stones.svg]
[events-lido.fi/hashquark.svg]
[events-lido.fi/codefi.svg]
[events-lido.fi/sigmaprime-1.svg]
[events-lido.fi/prysmatic-labs.svg]
[events-lido.fi/chain-safe.svg]
[events-lido.fi/nethermind.svg]
[events-lido.fi/kukis-global.svg]
[events-lido.fi/crypto-manufaktur.svg]
[events-lido.fi/rock-logic.svg]
[events-lido.fi/attestant.svg]
[events-lido.fi/node-operator-icon.svg]
[events-lido.fi/discord-logo.svg]
[events-lido.fi/background.svg]
[events-lido.fi/background-mobile.svg]
[events-lido.fi/person-1.svg]
[events-lido.fi/person-2.svg]
[events-lido.fi/cdn-cgi/l/email-protection.html]
[events-lido.fi/cdn-cgi/scripts/5c5dd728/cloudflare-static/email-decode.min.js]
